
Please cite -- HTMD: High-Throughput Molecular Dynamics for Molecular Discovery
J. Chem. Theory Comput., 2016, 12 (4), pp 1845-1852. 
http://pubs.acs.org/doi/abs/10.1021/acs.jctc.6b00049


You are on the latest HTMD version (unpackaged : /home/mjharvey/working/acellera/htmd/htmd).
 === Parameterizing input.mol2 ===

Dihedral 0: 9-6-5-8
 Has equivalent dihedrals through symmetry: 
 Dihedral 8-5-6-10
 Dihedral 8-5-6-11
Dihedral 1: 8-5-2-1
Dihedral 2: 5-2-1-3
 Has equivalent dihedrals through symmetry: 
 Dihedral 5-2-1-4
Traceback (most recent call last):
  File "/home/mjharvey/working/acellera/htmd/htmd/newparameterization/fftype.py", line 52, in __init__
    self._rtf = AmberRTF( mol, "mol.prepi", "mol.frcmod" )
  File "/home/mjharvey/working/acellera/htmd/htmd/newparameterization/ff.py", line 582, in __init__
    idx = self.index_by_name[ ff[1] ]
KeyError: 'Cl1'

During handling of the above exception, another exception occurred:

Traceback (most recent call last):
  File "/home/mjharvey/working/acellera/htmd/htmd/newparameterization/cli.py", line 210, in <module>
    main_parameterize()
  File "/home/mjharvey/working/acellera/htmd/htmd/newparameterization/cli.py", line 83, in main_parameterize
    mol = FFMolecule(filename=filename, method=method, netcharge=args.charge, rtf=args.rtf, prm=args.prm)
  File "/home/mjharvey/working/acellera/htmd/htmd/newparameterization/ffmolecule.py", line 75, in __init__
    fftype = FFType( self, method=method )
  File "/home/mjharvey/working/acellera/htmd/htmd/newparameterization/fftype.py", line 58, in __init__
    raise RuntimeError("FFTyping failed running Antechamber and Parmchk2")
RuntimeError: FFTyping failed running Antechamber and Parmchk2
