
Please cite -- HTMD: High-Throughput Molecular Dynamics for Molecular Discovery
J. Chem. Theory Comput., 2016, 12 (4), pp 1845-1852. 
http://pubs.acs.org/doi/abs/10.1021/acs.jctc.6b00049


You are on the latest HTMD version (unpackaged : /home/mjharvey/working/acellera/htmd/htmd).
 === Parameterizing input.mol2 ===

Dihedral 0: 10-7-4-8
 Has equivalent dihedrals through symmetry: 
 Dihedral 10-7-4-9
Dihedral 1: 8-4-2-1
 Has equivalent dihedrals through symmetry: 
 Dihedral 9-4-2-1
Dihedral 2: 4-2-1-3
Traceback (most recent call last):
  File "/home/mjharvey/working/acellera/htmd/htmd/newparameterization/fftype.py", line 53, in __init__
    self._prm = AmberPRM( "mol.prepi", "mol.frcmod" )
  File "/home/mjharvey/working/acellera/htmd/htmd/newparameterization/ff.py", line 399, in __init__
    self.bonds.append( BondPrm( [y[0], y[1]], r0=float(x[2]), k0=float(x[1]) ) )
IndexError: list index out of range

During handling of the above exception, another exception occurred:

Traceback (most recent call last):
  File "/home/mjharvey/working/acellera/htmd/htmd/newparameterization/cli.py", line 210, in <module>
    main_parameterize()
  File "/home/mjharvey/working/acellera/htmd/htmd/newparameterization/cli.py", line 83, in main_parameterize
    mol = FFMolecule(filename=filename, method=method, netcharge=args.charge, rtf=args.rtf, prm=args.prm)
  File "/home/mjharvey/working/acellera/htmd/htmd/newparameterization/ffmolecule.py", line 75, in __init__
    fftype = FFType( self, method=method )
  File "/home/mjharvey/working/acellera/htmd/htmd/newparameterization/fftype.py", line 58, in __init__
    raise RuntimeError("FFTyping failed running Antechamber and Parmchk2")
RuntimeError: FFTyping failed running Antechamber and Parmchk2
